// Jest Snapshot v1, https://goo.gl/fbAQLP

exports[`RevisionExplorer render should render base component 1`] = `
<div
  className=""
>
  <div
    className="mask"
  />
  <PopTab
    color="#8e5ea7"
    custom={false}
    header="Revisions"
    icon="fe-time"
    label="Revision History"
    onHide={[Function]}
    onShow={[Function]}
    popTop="40px"
    top="170px"
    visible={false}
  >
    <div
      className="explorer_wrapper"
    >
      <div
        className="explorer"
      >
        <div
          className="revisions"
        >
          <div
            className="revision selected"
            key="revision_202"
            onClick={[Function]}
          >
            <div
              className="button current"
            >
              current
            </div>
            <div
              className="created_on"
            >
              February 11, 2019, 9:34 PM
            </div>
            <div
              className="email"
            >
              org1.admin@nyaruka.com
            </div>
          </div>
          <div
            className="revision "
            key="revision_201"
            onClick={[Function]}
          >
            <div
              className="created_on"
            >
              February 11, 2019, 9:34 PM
            </div>
            <div
              className="email"
            >
              org1.admin@nyaruka.com
            </div>
          </div>
          <div
            className="revision "
            key="revision_200"
            onClick={[Function]}
          >
            <div
              className="created_on"
            >
              February 11, 2019, 9:34 PM
            </div>
            <div
              className="email"
            >
              org1.admin@nyaruka.com
            </div>
          </div>
          <div
            className="revision "
            key="revision_199"
            onClick={[Function]}
          >
            <div
              className="created_on"
            >
              February 11, 2019, 8:34 PM
            </div>
            <div
              className="email"
            >
              org1.admin@nyaruka.com
            </div>
          </div>
          <div
            className="revision "
            key="revision_198"
            onClick={[Function]}
          >
            <div
              className="created_on"
            >
              February 11, 2019, 8:34 PM
            </div>
            <div
              className="email"
            >
              org1.admin@nyaruka.com
            </div>
          </div>
          <div
            className="revision "
            key="revision_197"
            onClick={[Function]}
          >
            <div
              className="created_on"
            >
              February 6, 2019, 6:00 PM
            </div>
            <div
              className="email"
            >
              org1.admin@nyaruka.com
            </div>
          </div>
          <div
            className="revision "
            key="revision_196"
            onClick={[Function]}
          >
            <div
              className="created_on"
            >
              February 6, 2019, 5:59 PM
            </div>
            <div
              className="email"
            >
              org1.admin@nyaruka.com
            </div>
          </div>
          <div
            className="revision "
            key="revision_195"
            onClick={[Function]}
          >
            <div
              className="created_on"
            >
              February 6, 2019, 5:59 PM
            </div>
            <div
              className="email"
            >
              org1.admin@nyaruka.com
            </div>
          </div>
          <div
            className="revision "
            key="revision_194"
            onClick={[Function]}
          >
            <div
              className="created_on"
            >
              February 6, 2019, 5:59 PM
            </div>
            <div
              className="email"
            >
              org1.admin@nyaruka.com
            </div>
          </div>
          <div
            className="revision "
            key="revision_193"
            onClick={[Function]}
          >
            <div
              className="created_on"
            >
              February 6, 2019, 5:59 PM
            </div>
            <div
              className="email"
            >
              org1.admin@nyaruka.com
            </div>
          </div>
          <div
            className="revision "
            key="revision_192"
            onClick={[Function]}
          >
            <div
              className="created_on"
            >
              February 6, 2019, 5:59 PM
            </div>
            <div
              className="email"
            >
              org1.admin@nyaruka.com
            </div>
          </div>
          <div
            className="revision "
            key="revision_191"
            onClick={[Function]}
          >
            <div
              className="created_on"
            >
              February 6, 2019, 5:59 PM
            </div>
            <div
              className="email"
            >
              org1.admin@nyaruka.com
            </div>
          </div>
          <div
            className="revision "
            key="revision_190"
            onClick={[Function]}
          >
            <div
              className="created_on"
            >
              February 6, 2019, 5:59 PM
            </div>
            <div
              className="email"
            >
              org1.admin@nyaruka.com
            </div>
          </div>
          <div
            className="revision "
            key="revision_189"
            onClick={[Function]}
          >
            <div
              className="created_on"
            >
              February 6, 2019, 5:58 PM
            </div>
            <div
              className="email"
            >
              org1.admin@nyaruka.com
            </div>
          </div>
          <div
            className="revision "
            key="revision_188"
            onClick={[Function]}
          >
            <div
              className="created_on"
            >
              February 6, 2019, 5:58 PM
            </div>
            <div
              className="email"
            >
              org1.admin@nyaruka.com
            </div>
          </div>
          <div
            className="revision "
            key="revision_187"
            onClick={[Function]}
          >
            <div
              className="created_on"
            >
              February 6, 2019, 5:58 PM
            </div>
            <div
              className="email"
            >
              org1.admin@nyaruka.com
            </div>
          </div>
          <div
            className="revision "
            key="revision_186"
            onClick={[Function]}
          >
            <div
              className="created_on"
            >
              February 6, 2019, 5:58 PM
            </div>
            <div
              className="email"
            >
              org1.admin@nyaruka.com
            </div>
          </div>
          <div
            className="revision "
            key="revision_185"
            onClick={[Function]}
          >
            <div
              className="created_on"
            >
              February 6, 2019, 5:58 PM
            </div>
            <div
              className="email"
            >
              org1.admin@nyaruka.com
            </div>
          </div>
          <div
            className="revision "
            key="revision_184"
            onClick={[Function]}
          >
            <div
              className="created_on"
            >
              February 6, 2019, 1:18 AM
            </div>
            <div
              className="email"
            >
              org1.admin@nyaruka.com
            </div>
          </div>
          <div
            className="revision "
            key="revision_183"
            onClick={[Function]}
          >
            <div
              className="created_on"
            >
              February 5, 2019, 11:16 PM
            </div>
            <div
              className="email"
            >
              org1.admin@nyaruka.com
            </div>
          </div>
          <div
            className="revision "
            key="revision_139"
            onClick={[Function]}
          >
            <div
              className="created_on"
            >
              February 1, 2019, 6:23 PM
            </div>
            <div
              className="email"
            >
              System Update
            </div>
          </div>
          <div
            className="revision "
            key="revision_138"
            onClick={[Function]}
          >
            <div
              className="created_on"
            >
              January 31, 2019, 9:32 PM
            </div>
            <div
              className="email"
            >
              org1.admin@nyaruka.com
            </div>
          </div>
          <div
            className="revision "
            key="revision_137"
            onClick={[Function]}
          >
            <div
              className="created_on"
            >
              January 31, 2019, 9:30 PM
            </div>
            <div
              className="email"
            >
              org1.admin@nyaruka.com
            </div>
          </div>
          <div
            className="revision "
            key="revision_136"
            onClick={[Function]}
          >
            <div
              className="created_on"
            >
              January 31, 2019, 9:30 PM
            </div>
            <div
              className="email"
            >
              org1.admin@nyaruka.com
            </div>
          </div>
          <div
            className="revision "
            key="revision_135"
            onClick={[Function]}
          >
            <div
              className="created_on"
            >
              January 31, 2019, 9:30 PM
            </div>
            <div
              className="email"
            >
              org1.admin@nyaruka.com
            </div>
          </div>
        </div>
      </div>
    </div>
  </PopTab>
</div>
`;
