// Jest Snapshot v1, https://goo.gl/fbAQLP

exports[`Flow helpers getDragStyle should return style object for drag selection box 1`] = `
Object {
  "height": 211,
  "left": 270,
  "top": 91,
  "width": 230,
}
`;

exports[`Flow instance methods onConnectorDrop should do NodeEditor work if the user is not dragging back 1`] = `
Array [
  "46e8d603-8e5d-4435-97dd-1333291aafca:8653ac06-00ba-4890-a79f-d30f3a55193b",
  "52036e99-4be0-4505-add4-159e8d1d7572",
]
`;

exports[`Flow instance methods onConnectorDrop should do NodeEditor work if the user is not dragging back 2`] = `
Array [
  Object {
    "originalAction": Object {
      "text": "",
      "type": "send_msg",
      "uuid": "7966434b-6d38-4d8b-b01c-13d3d9aa593c",
    },
    "originalNode": Object {
      "ghost": true,
      "inboundConnections": Object {
        "8653ac06-00ba-4890-a79f-d30f3a55193b": "46e8d603-8e5d-4435-97dd-1333291aafca",
      },
      "node": Object {
        "actions": Array [
          Object {
            "text": "",
            "type": "send_msg",
            "uuid": "7966434b-6d38-4d8b-b01c-13d3d9aa593c",
          },
        ],
        "exits": Array [
          Object {
            "destination_uuid": null,
            "uuid": "431dadb3-0257-432f-ace3-52157bba69ed",
          },
        ],
        "uuid": "52036e99-4be0-4505-add4-159e8d1d7572",
      },
      "ui": Object {
        "position": Object {
          "left": 0,
          "top": 0,
        },
        "type": "execute_actions",
      },
    },
  },
]
`;

exports[`Flow render should render NodeEditor 1`] = `
Object {
  "helpArticles": Object {},
  "plumberConnectExit": [MockFunction],
}
`;

exports[`Flow render should render Simulator 1`] = `
Object {
  "mergeEditorState": [MockFunction],
  "onToggled": [Function],
  "popped": null,
}
`;
