// Jest Snapshot v1, https://goo.gl/fbAQLP

exports[`AddURNForm renders 1`] = `
<body>
  <div>
    <div
      class="dialog"
    >
      <div
        class="header add_contact_urn"
      >
        <div
          class="title_container"
        >
          <div
            class="title"
          >
            Add URN
          </div>
          <div
            class="subtitle"
          />
        </div>
      </div>
      <div
        class="content"
      >
        <div
          class=" type_list"
        >
          <p>
            When a contact arrives at this point in your flow...
          </p>
          <div>
            <div
              class="normal "
            >
              <temba-select
                data-testid="temba_select_type"
                errors="[]"
                expressions=""
                name="type"
                namekey="description"
                searchable="true"
                valuekey="type"
                values="[{\\"type\\":\\"add_contact_urn\\",\\"name\\":\\"Add URN\\",\\"description\\":\\"Add a URN for the contact\\"}]"
              />
            </div>
          </div>
        </div>
        <p
          data-spec="label"
        >
          Add a new URN to reach the contact such as a phone number.
        </p>
        <div
          style="display: flex; align-items: flex-end;"
        >
          <div
            class="scheme_selection"
          >
            <div
              class="ele"
            >
              <div
                class="normal "
              >
                <temba-select
                  data-testid="temba_select_urn_type"
                  errors="[]"
                  expressions=""
                  name="URN Type"
                  namekey="name"
                  valuekey="value"
                  values="[{\\"value\\":\\"tel\\",\\"name\\":\\"Phone Number\\"}]"
                />
              </div>
            </div>
          </div>
          <div
            class="path"
          >
            <div
              class="ele"
            >
              <div
                class="wrapper normal"
              >
                <input
                  data-testid="URN"
                  name="URN"
                  placeholder="Enter the URN value"
                  value="+12065551212"
                />
              </div>
            </div>
          </div>
        </div>
      </div>
      <div
        class="footer"
      >
        <div
          class="buttons"
        >
          <div
            class="right_buttons"
          >
            <div
              class="btn secondary  "
              style="margin-left: 0px; margin-top: 0px;"
            >
              Cancel
            </div>
            <div
              class="btn primary  "
              style="margin-left: 10px; margin-top: 0px;"
            >
              Ok
            </div>
          </div>
        </div>
      </div>
    </div>
  </div>
</body>
`;
