// Jest Snapshot v1, https://goo.gl/fbAQLP

exports[`TextInputElement renders 1`] = `
<TextInputElement
  autocomplete={true}
  entry={
    Object {
      "value": "",
    }
  }
  name="Message"
  onBlur={[MockFunction]}
  onChange={[MockFunction]}
  textarea={true}
>
  <FormElement
    entry={
      Object {
        "value": "",
      }
    }
    name="Message"
  >
    <div
      className="ele"
    >
      <div
        className="wrapper normal"
      >
        <input
          data-testid="Message"
          name="Message"
          onChange={[Function]}
          value=""
        />
      </div>
    </div>
  </FormElement>
</TextInputElement>
`;
