// Jest Snapshot v1, https://goo.gl/fbAQLP

exports[`ResponseRouterForm initializes case config 1`] = `
<Dialog
  buttons={
    Object {
      "primary": Object {
        "name": "Ok",
        "onClick": [Function],
      },
      "secondary": Object {
        "name": "Cancel",
        "onClick": [Function],
      },
    }
  }
  gutter={
    <TimeoutControl
      onChanged={[Function]}
      timeout={0}
    />
  }
  headerClass="wait_for_response"
  title="Wait for Response"
>
  <TypeList
    __className=""
    initialType={
      Object {
        "aliases": Array [
          "switch",
        ],
        "description": "Wait for the contact to respond",
        "form": [Function],
        "localization": [Function],
        "localizeableKeys": Array [
          "categories",
          "cases",
        ],
        "name": "Wait for Response",
        "type": "wait_for_response",
        "visibility": Array [
          "messaging",
          "messaging_offline",
        ],
      }
    }
    onChange={[MockFunction]}
  />
  <div>
    If the message response...
  </div>
  <CaseList
    cases={
      Array [
        Object {
          "categoryName": "Red",
          "kase": Object {
            "arguments": Array [
              "red",
            ],
            "category_uuid": "477ac8b4-25e2-483a-8686-2d1332c4da1c",
            "type": "has_any_word",
            "uuid": "1dce2b34-9aab-4e20-81c4-3f0408dcb671",
          },
          "uuid": "1dce2b34-9aab-4e20-81c4-3f0408dcb671",
          "valid": true,
        },
        Object {
          "categoryName": "Red",
          "kase": Object {
            "arguments": Array [
              "5",
            ],
            "category_uuid": "477ac8b4-25e2-483a-8686-2d1332c4da1c",
            "type": "has_date_eq",
            "uuid": "b1f332f3-bdd3-4891-aec5-1843a712dbf1",
          },
          "uuid": "b1f332f3-bdd3-4891-aec5-1843a712dbf1",
          "valid": true,
        },
      ]
    }
    data-spec="cases"
    onCasesUpdated={[Function]}
  />
  <OptionalTextInput
    helpText={
      <Trans
        i18nKey="forms.result_name_help"
        values={
          Object {
            "resultFormat": "@results",
          }
        }
      >
        By naming the result, you can reference it later using [[resultFormat]]
      </Trans>
    }
    maxLength={64}
    name="Result Name"
    onChange={[Function]}
    toggleText="Save as.."
    value={
      Object {
        "value": "",
      }
    }
  />
</Dialog>
`;

exports[`ResponseRouterForm should render 1`] = `
<Dialog
  buttons={
    Object {
      "primary": Object {
        "name": "Ok",
        "onClick": [Function],
      },
      "secondary": Object {
        "name": "Cancel",
        "onClick": [Function],
      },
    }
  }
  gutter={
    <TimeoutControl
      onChanged={[Function]}
      timeout={0}
    />
  }
  headerClass="wait_for_response"
  title="Wait for Response"
>
  <TypeList
    __className=""
    initialType={
      Object {
        "aliases": Array [
          "switch",
        ],
        "description": "Wait for the contact to respond",
        "form": [Function],
        "localization": [Function],
        "localizeableKeys": Array [
          "categories",
          "cases",
        ],
        "name": "Wait for Response",
        "type": "wait_for_response",
        "visibility": Array [
          "messaging",
          "messaging_offline",
        ],
      }
    }
    onChange={[MockFunction]}
  />
  <div>
    If the message response...
  </div>
  <CaseList
    cases={
      Array [
        Object {
          "categoryName": "Red",
          "kase": Object {
            "arguments": Array [
              "red",
            ],
            "category_uuid": "763e4844-3e1b-407a-a1b5-5fdfcd308b41",
            "type": "has_any_word",
            "uuid": "061fc171-8b79-4636-b892-bd0ea5aa9b42",
          },
          "uuid": "061fc171-8b79-4636-b892-bd0ea5aa9b42",
          "valid": true,
        },
      ]
    }
    data-spec="cases"
    onCasesUpdated={[Function]}
  />
  <OptionalTextInput
    helpText={
      <Trans
        i18nKey="forms.result_name_help"
        values={
          Object {
            "resultFormat": "@results",
          }
        }
      >
        By naming the result, you can reference it later using [[resultFormat]]
      </Trans>
    }
    maxLength={64}
    name="Result Name"
    onChange={[Function]}
    toggleText="Save as.."
    value={
      Object {
        "value": "",
      }
    }
  />
</Dialog>
`;

exports[`ResponseRouterForm updates should save changes 1`] = `
Object {
  "cases": Array [
    Object {
      "categoryName": "Red",
      "kase": Object {
        "arguments": Array [
          "red",
        ],
        "type": "has_any_word",
      },
      "uuid": "b1f332f3-bdd3-4891-aec5-1843a712dbf1",
      "valid": true,
    },
    Object {
      "categoryName": "Red",
      "kase": Object {
        "arguments": Array [
          "maroon",
        ],
        "type": "has_any_word",
      },
      "uuid": "061fc171-8b79-4636-b892-bd0ea5aa9b42",
      "valid": true,
    },
    Object {
      "categoryName": "Green",
      "kase": Object {
        "arguments": Array [
          "green",
        ],
        "type": "has_any_word",
      },
      "uuid": "1dce2b34-9aab-4e20-81c4-3f0408dcb671",
      "valid": true,
    },
  ],
  "resultName": Object {
    "validationFailures": Array [],
    "value": "Favorite Color",
  },
  "timeout": 180,
  "valid": true,
}
`;

exports[`ResponseRouterForm updates should save changes 2`] = `
Array [
  Object {
    "inboundConnections": Object {},
    "node": Object {
      "actions": Array [],
      "exits": Array [
        Object {
          "uuid": "1dce2b34-9aab-4e20-81c4-3f0408dcb671",
        },
        Object {
          "uuid": "763e4844-3e1b-407a-a1b5-5fdfcd308b41",
        },
        Object {
          "uuid": "477ac8b4-25e2-483a-8686-2d1332c4da1c",
        },
        Object {
          "uuid": "1e47a1e1-3c67-4df5-adf1-da542c789adb",
        },
      ],
      "router": Object {
        "cases": Array [
          Object {
            "arguments": Array [
              "red",
            ],
            "category_uuid": "763e4844-3e1b-407a-a1b5-5fdfcd308b41",
            "type": "has_any_word",
          },
          Object {
            "arguments": Array [
              "maroon",
            ],
            "category_uuid": "763e4844-3e1b-407a-a1b5-5fdfcd308b41",
            "type": "has_any_word",
          },
          Object {
            "arguments": Array [
              "green",
            ],
            "category_uuid": "477ac8b4-25e2-483a-8686-2d1332c4da1c",
            "type": "has_any_word",
          },
        ],
        "categories": Array [
          Object {
            "exit_uuid": "1dce2b34-9aab-4e20-81c4-3f0408dcb671",
            "name": "Red",
            "uuid": "763e4844-3e1b-407a-a1b5-5fdfcd308b41",
          },
          Object {
            "exit_uuid": "763e4844-3e1b-407a-a1b5-5fdfcd308b41",
            "name": "Green",
            "uuid": "477ac8b4-25e2-483a-8686-2d1332c4da1c",
          },
          Object {
            "exit_uuid": "477ac8b4-25e2-483a-8686-2d1332c4da1c",
            "name": "Other",
            "uuid": "1e47a1e1-3c67-4df5-adf1-da542c789adb",
          },
          Object {
            "exit_uuid": "1e47a1e1-3c67-4df5-adf1-da542c789adb",
            "name": "No Response",
            "uuid": "132de855-4042-4dc1-a18f-cc2e6a8f790a",
          },
        ],
        "default_category_uuid": "1e47a1e1-3c67-4df5-adf1-da542c789adb",
        "operand": "@input.text",
        "result_name": "Favorite Color",
        "type": "switch",
        "wait": Object {
          "timeout": Object {
            "category_uuid": "132de855-4042-4dc1-a18f-cc2e6a8f790a",
            "seconds": 180,
          },
          "type": "msg",
        },
      },
      "uuid": "132de855-4042-4dc1-a18f-cc2e6a8f790a",
    },
    "ui": Object {
      "config": Object {
        "cases": Object {},
      },
      "position": null,
      "type": "wait_for_response",
    },
  },
]
`;

exports[`ResponseRouterForm updates should save save config for relative dates 1`] = `
Object {
  "cases": Array [
    Object {
      "categoryName": "In the Zone",
      "kase": Object {
        "arguments": Array [
          "5",
        ],
        "type": "has_date_gt",
      },
      "uuid": "b1f332f3-bdd3-4891-aec5-1843a712dbf1",
      "valid": true,
    },
  ],
  "resultName": Object {
    "value": "",
  },
  "timeout": 0,
  "valid": true,
}
`;

exports[`ResponseRouterForm updates should save save config for relative dates 2`] = `
Array [
  Object {
    "inboundConnections": Object {},
    "node": Object {
      "actions": Array [],
      "exits": Array [
        Object {
          "uuid": "061fc171-8b79-4636-b892-bd0ea5aa9b42",
        },
        Object {
          "uuid": "477ac8b4-25e2-483a-8686-2d1332c4da1c",
        },
      ],
      "router": Object {
        "cases": Array [
          Object {
            "arguments": Array [
              "@(datetime_add(today(), 5, \\"D\\"))",
            ],
            "category_uuid": "1dce2b34-9aab-4e20-81c4-3f0408dcb671",
            "type": "has_date_gt",
          },
        ],
        "categories": Array [
          Object {
            "exit_uuid": "061fc171-8b79-4636-b892-bd0ea5aa9b42",
            "name": "In the Zone",
            "uuid": "1dce2b34-9aab-4e20-81c4-3f0408dcb671",
          },
          Object {
            "exit_uuid": "477ac8b4-25e2-483a-8686-2d1332c4da1c",
            "name": "Other",
            "uuid": "1e47a1e1-3c67-4df5-adf1-da542c789adb",
          },
        ],
        "default_category_uuid": "1e47a1e1-3c67-4df5-adf1-da542c789adb",
        "operand": "@input.text",
        "type": "switch",
        "wait": Object {
          "type": "msg",
        },
      },
      "uuid": "132de855-4042-4dc1-a18f-cc2e6a8f790a",
    },
    "ui": Object {
      "config": Object {
        "cases": Object {
          "b1f332f3-bdd3-4891-aec5-1843a712dbf1": Object {
            "arguments": Array [
              "5",
            ],
          },
        },
      },
      "position": null,
      "type": "wait_for_response",
    },
  },
]
`;
