// Jest Snapshot v1, https://goo.gl/fbAQLP

exports[`SetRunResultForm render should render 1`] = `
<Dialog
  buttons={
    Object {
      "primary": Object {
        "name": "Ok",
        "onClick": [Function],
      },
      "secondary": Object {
        "name": "Cancel",
        "onClick": [Function],
      },
    }
  }
  headerClass="set_run_result"
  title="Save Flow Result"
>
  <TypeList
    __className=""
    initialType={
      Object {
        "component": [Function],
        "description": "Save a result for this flow",
        "form": [Function],
        "name": "Save Flow Result",
        "type": "set_run_result",
      }
    }
    onChange={[MockFunction]}
  />
  <div
    className="form"
  >
    <AssetSelector
      additionalOptions={Array []}
      assets={
        Object {
          "items": Object {},
          "type": "result",
        }
      }
      createAssetFromInput={[Function]}
      createPrefix="New: "
      entry={
        Object {
          "value": Object {
            "id": "name",
            "name": "Name",
            "type": "result",
          },
        }
      }
      formClearable={true}
      helpText={
        <Trans
          i18nKey="forms.result_name_help"
          values={
            Object {
              "resultFormat": "@results.name",
            }
          }
        >
          By naming the result, you can reference it later using [[resultFormat]]
        </Trans>
      }
      name="Result"
      nameKey="name"
      onChange={[Function]}
      searchable={true}
      showLabel={true}
      valueKey="value"
    />
    <TextInputElement
      __className="value"
      autocomplete={true}
      entry={
        Object {
          "value": "Grace",
        }
      }
      helpText="The value to save for this result or empty to clears it. You can use expressions, for example: @(title(input))"
      name="Value"
      onChange={[Function]}
      showLabel={true}
    />
    <TextInputElement
      __className="category"
      autocomplete={false}
      entry={
        Object {
          "value": "",
        }
      }
      helpText="An optional category for your result. For age, the value might be 17, but the category might be 'Young Adult'"
      name="Category"
      onChange={[Function]}
      placeholder="Optional"
      showLabel={true}
    />
  </div>
</Dialog>
`;

exports[`SetRunResultForm updates should allow switching from router 1`] = `
Array [
  Object {
    "category": "Result Category",
    "name": "Result Name",
    "type": "set_run_result",
    "uuid": "b1f332f3-bdd3-4891-aec5-1843a712dbf1",
    "value": "Result Value",
  },
]
`;

exports[`SetRunResultForm updates should save changes 1`] = `
Object {
  "category": Object {
    "validationFailures": Array [],
    "value": "Result Category",
  },
  "name": Object {
    "validationFailures": Array [],
    "value": Object {
      "id": "result_name",
      "name": "Result Name",
      "type": "result",
    },
  },
  "valid": true,
  "value": Object {
    "validationFailures": Array [],
    "value": "Result Value",
  },
}
`;

exports[`SetRunResultForm updates should save changes 2`] = `
Array [
  Object {
    "category": "Result Category",
    "name": "Result Name",
    "type": "set_run_result",
    "uuid": "b1f332f3-bdd3-4891-aec5-1843a712dbf1",
    "value": "Result Value",
  },
]
`;
