// Jest Snapshot v1, https://goo.gl/fbAQLP

exports[`PopTab render should render base component 1`] = `
<div
  className="pop_wrapper pop_wrapper visible"
  style={
    Object {
      "right": -260,
      "top": "50px",
    }
  }
>
  <div
    className="tab_wrapper"
  >
    <div
      className="tab"
      onClick={[Function]}
      style={
        Object {
          "background": "red",
        }
      }
    >
      <div
        className="icon"
      >
        <span
          className="fe-history"
        />
      </div>
      <div
        className="label"
      >
        Show Revisions
      </div>
    </div>
  </div>
  <div
    className="popped "
    style={
      Object {
        "borderColor": "red",
        "right": 300,
        "top": 0,
      }
    }
  >
    <div
      className="header"
      style={
        Object {
          "background": "red",
        }
      }
    >
      <div
        className="close fe-x"
        onClick={[Function]}
      />
      <div
        className="header_label"
      >
        Revisions
      </div>
    </div>
    <div
      className="body"
      style={
        Object {
          "background": "red",
        }
      }
    />
  </div>
</div>
`;
