// Jest Snapshot v1, https://goo.gl/fbAQLP

exports[`UpdateContact.helpers should sort options 1`] = `
Array [
  Object {
    "id": "name",
    "name": "Name",
    "type": "property",
  },
  Object {
    "id": "channel",
    "name": "Channel",
    "type": "property",
  },
  Object {
    "id": "language",
    "name": "Language",
    "type": "property",
  },
  Object {
    "id": "status",
    "name": "Status",
    "type": "property",
  },
]
`;
