// Jest Snapshot v1, https://goo.gl/fbAQLP

exports[`AssetSelector renders 1`] = `
<body>
  <div>
    <div
      class="ele"
    >
      <div
        class="normal "
      >
        <temba-select
          cachekey="0"
          data-testid="temba_select_recipients"
          errors="[]"
          expressions=""
          name="Recipients"
          namekey="name"
          placeholder="Select existing recipients or enter a new one"
          queryparam="search"
          valuekey="uuid"
          values="[]"
        />
      </div>
    </div>
  </div>
</body>
`;
